* Starting client
* Connecting to master process on port 7788
* Analyzing classpath: 
  - /Users/anthonykap/Documents/GitHub/commons-cli/target/test-classes
  - /Users/anthonykap/Documents/GitHub/commons-cli/target/classes
  - /Users/anthonykap/.m2/repository/org/junit/jupiter/junit-jupiter-api/5.14.2/junit-jupiter-api-5.14.2.jar
  - /Users/anthonykap/.m2/repository/org/opentest4j/opentest4j/1.3.0/opentest4j-1.3.0.jar
  - /Users/anthonykap/.m2/repository/org/junit/platform/junit-platform-commons/1.14.2/junit-platform-commons-1.14.2.jar
  - /Users/anthonykap/.m2/repository/org/apiguardian/apiguardian-api/1.1.2/apiguardian-api-1.1.2.jar
  - /Users/anthonykap/.m2/repository/org/junit/jupiter/junit-jupiter-engine/5.14.2/junit-jupiter-engine-5.14.2.jar
  - /Users/anthonykap/.m2/repository/org/junit/platform/junit-platform-engine/1.14.2/junit-platform-engine-1.14.2.jar
  - /Users/anthonykap/.m2/repository/org/junit/jupiter/junit-jupiter-params/5.14.2/junit-jupiter-params-5.14.2.jar
  - /Users/anthonykap/.m2/repository/org/junit-pioneer/junit-pioneer/1.9.1/junit-pioneer-1.9.1.jar
  - /Users/anthonykap/.m2/repository/org/junit/platform/junit-platform-launcher/1.14.2/junit-platform-launcher-1.14.2.jar
  - /Users/anthonykap/.m2/repository/commons-io/commons-io/2.21.0/commons-io-2.21.0.jar
  - /Users/anthonykap/.m2/repository/org/apache/commons/commons-text/1.15.0/commons-text-1.15.0.jar
  - /Users/anthonykap/.m2/repository/org/apache/commons/commons-lang3/3.20.0/commons-lang3-3.20.0.jar
  - /Users/anthonykap/.m2/repository/org/mockito/mockito-core/4.11.0/mockito-core-4.11.0.jar
  - /Users/anthonykap/.m2/repository/net/bytebuddy/byte-buddy/1.12.19/byte-buddy-1.12.19.jar
  - /Users/anthonykap/.m2/repository/net/bytebuddy/byte-buddy-agent/1.12.19/byte-buddy-agent-1.12.19.jar
  - /Users/anthonykap/.m2/repository/org/objenesis/objenesis/3.3/objenesis-3.3.jar
  - /Users/anthonykap/.m2/repository/junit/junit/4.13.2/junit-4.13.2.jar
  - /Users/anthonykap/.m2/repository/org/hamcrest/hamcrest-core/1.3/hamcrest-core-1.3.jar
* Finished analyzing classpath
* Generating tests for class org.apache.commons.cli.TypeHandler
* Test criteria:
  - Line Coverage
  - Branch Coverage
  - Exception
  - Mutation testing (weak)
  - Method-Output Coverage
  - Top-Level Method Coverage
  - No-Exception Top-Level Method Coverage
  - Context Branch Coverage
* Setting up search algorithm for whole suite generation
[MASTER] 20:30:46.450 [pool-2-thread-1] WARN  TestSuiteSerialization - Cannot load tests because file does not exist: /Users/anthonykap/Documents/GitHub/commons-cli/.evosuite/evosuite-seeds/org.apache.commons.cli.TypeHandler.seed
* Loaded 0 tests from /Users/anthonykap/Documents/GitHub/commons-cli/.evosuite/evosuite-seeds/org.apache.commons.cli.TypeHandler.seed
* Total number of test goals: 
  - Line 41
  - Branch 17
  - Exception 0
  - MutationFactory 1
  - Output 99
  - Method 15
  - MethodNoException 15
  - CBranchFitnessFactory 17
* Using seed 1774225840782
* Starting evolution
[MASTER] 20:31:04.449 [pool-2-thread-1] WARN  TestChromosome - Functional mock problem: org.evosuite.ga.ConstructionFailedException: Failed to add constructor for org.evosuite.runtime.mock.java.io.MockPrintWriter due to org.evosuite.ga.ConstructionFailedException: Failed to add constructor for java.io.BufferedWriter due to org.evosuite.ga.ConstructionFailedException: Failed to add constructor for java.io.OutputStreamWriter due to org.evosuite.ga.ConstructionFailedException: Failed to add constructor for java.io.DataOutputStream due to org.evosuite.ga.ConstructionFailedException: Max recursion depth reached
* Search finished after 31s and 242 generations, 25531 statements, best individual has fitness: 67.0909090909091
* Writing sequences to pool
* Minimizing test suite
* Going to analyze the coverage criteria
* Coverage analysis for criterion LINE
* Coverage of criterion LINE: 100%
* Total number of goals: 41
* Number of covered goals: 41
* Coverage analysis for criterion BRANCH
* Coverage of criterion BRANCH: 100%
* Total number of goals: 17
* Number of covered goals: 17
* Coverage analysis for criterion EXCEPTION
* Coverage of criterion EXCEPTION: 100%
* Total number of goals: 10
* Number of covered goals: 10
* Coverage analysis for criterion WEAKMUTATION
* Coverage of criterion WEAKMUTATION: 100%
* Total number of goals: 1
* Number of covered goals: 1
* Coverage analysis for criterion OUTPUT
* Coverage of criterion OUTPUT: 36%
* Total number of goals: 99
* Number of covered goals: 36
* Coverage analysis for criterion METHOD
* Coverage of criterion METHOD: 100%
* Total number of goals: 15
* Number of covered goals: 15
* Coverage analysis for criterion METHODNOEXCEPTION
* Coverage of criterion METHODNOEXCEPTION: 73%
* Total number of goals: 15
* Number of covered goals: 11
* Coverage analysis for criterion CBRANCH
* Coverage of criterion CBRANCH: 100%
* Total number of goals: 17
* Number of covered goals: 17
* Generated 23 tests with total length 30
* Resulting test suite's coverage: 89% (average coverage for all fitness functions)
* Generating assertions
* Resulting test suite's mutation score: 0%
* Compiling and checking tests
* Permissions denied during test execution: 
  - java.io.FilePermission: 
         write {\R_=J}=rToN1B$: 1
         write $%McrC-ku!: 1
         write OA9hxH ydVO?!D:iDd: 1
         and other 264 cases of action/name for this exception class
* Writing JUnit test case 'TypeHandler_ESTest' to /Users/anthonykap/Documents/GitHub/commons-cli/.evosuite/tmp_2026_03_22_20_16_41/tests
* Done!

